---
source: tui/src/history_cell.rs
expression: rendered
---
• Explored
  └ Search shimmer_spans
    Read shimmer.rs
    Read status_indicator_widget.rs
