---
source: tui/src/diff_render.rs
expression: terminal.backend()
---
"â€¢ Added new_file.txt (+2 -0)                                                    "
"    1     +alpha                                                                "
"    2     +beta                                                                 "
"                                                                                "
"                                                                                "
"                                                                                "
"                                                                                "
"                                                                                "
"                                                                                "
"                                                                                "
