---
source: tui/src/diff_render.rs
expression: terminal.backend()
---
"â€¢ Change Approved example.txt (+1 -1)                                           "
"                                                                                "
"                                                                                "
"                                                                                "
"                                                                                "
"                                                                                "
"                                                                                "
"                                                                                "
"                                                                                "
"                                                                                "
"                                                                                "
"                                                                                "
