---
source: tui/src/history_cell.rs
expression: rendered
---
• Updated Plan
  └ □ Define error taxonomy
    □ Implement mapping to user messages
