---
source: tui/src/history_cell.rs
expression: rendered
---
• Ran
  └ echo one
    echo two
