---
source: tui/src/history_cell.rs
assertion_line: 1797
expression: rendered
---
• Ran
  └ set -o pipefail
    cargo test
        --all-features
        --quiet
