---
source: tui/src/history_cell.rs
expression: rendered
---
• Explored
  └ Read auth.rs, shimmer.rs
