---
source: tui/src/history_cell.rs
assertion_line: 1869
expression: rendered
---
• Ran
  └ a_very_long_token_wi
        thout_spaces_to_
        force_wrapping
