---
source: tui/src/status_indicator_widget.rs
expression: terminal.backend()
---
"  Working (0s â€¢ Esc "
"                    "
