---
source: tui/src/diff_render.rs
expression: terminal.backend()
---
"â€¢ Deleted tmp_delete_example.txt (+0 -3)                                        "
"    1     -first                                                                "
"    2     -second                                                               "
"    3     -third                                                                "
"                                                                                "
"                                                                                "
"                                                                                "
"                                                                                "
"                                                                                "
"                                                                                "
"                                                                                "
"                                                                                "
