---
source: tui/src/diff_render.rs
assertion_line: 765
expression: terminal.backend()
---
"â€¢ Proposed Change README.md (+1 -1)                                             "
"    1     -# Codex CLI (Rust Implementation)                                    "
"    1     +# Codex CLI (Rust Implementation) banana                             "
"                                                                                "
"                                                                                "
"                                                                                "
"                                                                                "
"                                                                                "
