---
source: tui/src/history_cell.rs
expression: rendered
---
• Ran seq 1 10 1>&2 && false
  └ 1
    2
    3
    4
    5
    6
    7
    8
    9
    10
