---
source: tui/src/diff_render.rs
assertion_line: 765
expression: terminal.backend()
---
"â€¢ Proposed Change example.txt (+1 -1)                                           "
"    1                                                                           "
"    2     -Y                                                                    "
"    2     +Y changed                                                            "
"                                                                                "
"                                                                                "
"                                                                                "
"                                                                                "
"                                                                                "
"                                                                                "
