---
source: tui/src/diff_render.rs
assertion_line: 765
expression: terminal.backend()
---
"â€¢ Proposed Change README.md (+2 -0)                                             "
"    1     +first line                                                           "
"    2     +second line                                                          "
"                                                                                "
"                                                                                "
"                                                                                "
"                                                                                "
"                                                                                "
"                                                                                "
"                                                                                "
