---
source: tui/src/chatwidget/tests.rs
expression: lines_to_single_string(&aborted_long)
---
âœ— You canceled the request to run echo aaaaaaaaaaaaaaaaaaaaaaaaaaaaaaaaaaaaaaaaaaaaaaaaaaaaaaaaaaaaaaaaaaaaaaaa...
