---
source: tui/src/chatwidget/tests.rs
expression: blob5
---
• Explored
  └ List ls -la
    Read foo.txt
