---
source: tui/src/chatwidget/tests.rs
expression: blob2
---
• Explored
  └ List ls -la
