---
source: tui/src/chatwidget/tests.rs
expression: lines_to_single_string(&decision)
---
âœ” You approved codex to run echo hello world this time

