---
source: tui/src/chatwidget/tests.rs
expression: exec_blob
---
â€¢ Ran sleep 1
