---
source: tui/src/chatwidget/tests.rs
expression: terminal.backend()
---
"  Thinking (0s • Esc to interrupt)      "
"▌ Ask Codex to do anything              "
