---
source: tui/src/chatwidget/tests.rs
expression: blob3
---
⠋ Exploring
  └ List ls -la
    Read foo.txt
