---
source: tui/src/chatwidget/tests.rs
expression: blob1
---
⠋ Exploring
  └ List ls -la
