---
source: tui/src/chatwidget/tests.rs
expression: blob
---
â–  '/model' is disabled while a task is in progress.
