---
source: tui/src/chatwidget/tests.rs
expression: blob6
---
• Explored
  └ List ls -la
    Read foo.txt, bar.txt
